
> sii-erp-ai-front@0.1.0 build
> next build

   Ôû▓ Next.js 15.0.3

   Creating an optimized production build ...
node.exe : Failed to compile.
En C:\Program Files\nodejs\npm.ps1: 29 
Carácter: 3
+   & $NODE_EXE $NPM_CLI_JS $args
+   ~~~~~~~~~~~~~~~~~~~~~~~~~~~~~
    + CategoryInfo          : NotSpecified:  
   (Failed to compile.:String) [], RemoteEx  
  ception
    + FullyQualifiedErrorId : NativeCommandE 
   rror
 

./src/app/globals.css.webpack[javascript/auto
]!=!./node_modules/next/dist/build/webpack/lo
aders/css-loader/src/index.js??ruleSet[1].rul
es[13].oneOf[10].use[2]!./node_modules/next/d
ist/build/webpack/loaders/postcss-loader/src/
index.js??ruleSet[1].rules[13].oneOf[10].use[
3]!./src/app/globals.css
Error: It looks like you're trying to use 
`tailwindcss` directly as a PostCSS plugin. 
The PostCSS plugin has moved to a separate 
package, so to continue using Tailwind CSS 
with PostCSS you'll need to install 
`@tailwindcss/postcss` and update your 
PostCSS configuration.
    at at (D:\Ivan\Proyectos\Portafolio\sii-e
rp-ai-front\node_modules\tailwindcss\dist\lib
.js:38:1629)
    at LazyResult.runOnRoot (D:\Ivan\Proyecto
s\Portafolio\sii-erp-ai-front\node_modules\ne
xt\node_modules\postcss\lib\lazy-result.js:32
9:16)
    at LazyResult.runAsync (D:\Ivan\Proyectos
\Portafolio\sii-erp-ai-front\node_modules\nex
t\node_modules\postcss\lib\lazy-result.js:258
:26)
    at LazyResult.async (D:\Ivan\Proyectos\Po
rtafolio\sii-erp-ai-front\node_modules\next\n
ode_modules\postcss\lib\lazy-result.js:160:30
)
    at LazyResult.then (D:\Ivan\Proyectos\Por
tafolio\sii-erp-ai-front\node_modules\next\no
de_modules\postcss\lib\lazy-result.js:404:17)

Import trace for requested module:
./src/app/globals.css.webpack[javascript/auto
]!=!./node_modules/next/dist/build/webpack/lo
aders/css-loader/src/index.js??ruleSet[1].rul
es[13].oneOf[10].use[2]!./node_modules/next/d
ist/build/webpack/loaders/postcss-loader/src/
index.js??ruleSet[1].rules[13].oneOf[10].use[
3]!./src/app/globals.css
./src/app/globals.css

./src/app/globals.css
Error: It looks like you're trying to use 
`tailwindcss` directly as a PostCSS plugin. 
The PostCSS plugin has moved to a separate 
package, so to continue using Tailwind CSS 
with PostCSS you'll need to install 
`@tailwindcss/postcss` and update your 
PostCSS configuration.
    at at (D:\Ivan\Proyectos\Portafolio\sii-e
rp-ai-front\node_modules\tailwindcss\dist\lib
.js:38:1629)
    at LazyResult.runOnRoot (D:\Ivan\Proyecto
s\Portafolio\sii-erp-ai-front\node_modules\ne
xt\node_modules\postcss\lib\lazy-result.js:32
9:16)
    at LazyResult.runAsync (D:\Ivan\Proyectos
\Portafolio\sii-erp-ai-front\node_modules\nex
t\node_modules\postcss\lib\lazy-result.js:258
:26)
    at LazyResult.async (D:\Ivan\Proyectos\Po
rtafolio\sii-erp-ai-front\node_modules\next\n
ode_modules\postcss\lib\lazy-result.js:160:30
)
    at LazyResult.then (D:\Ivan\Proyectos\Por
tafolio\sii-erp-ai-front\node_modules\next\no
de_modules\postcss\lib\lazy-result.js:404:17)
    at tryRunOrWebpackError (D:\Ivan\Proyecto
s\Portafolio\sii-erp-ai-front\node_modules\ne
xt\dist\compiled\webpack\bundle5.js:28:314951
)
    at __webpack_require_module__ (D:\Ivan\Pr
oyectos\Portafolio\sii-erp-ai-front\node_modu
les\next\dist\compiled\webpack\bundle5.js:28:
131425)
    at __nested_webpack_require_161179__ (D:\
Ivan\Proyectos\Portafolio\sii-erp-ai-front\no
de_modules\next\dist\compiled\webpack\bundle5
.js:28:130863)
    at D:\Ivan\Proyectos\Portafolio\sii-erp-a
i-front\node_modules\next\dist\compiled\webpa
ck\bundle5.js:28:131714
    at symbolIterator (D:\Ivan\Proyectos\Port
afolio\sii-erp-ai-front\node_modules\next\dis
t\compiled\neo-async\async.js:1:14444)
    at done (D:\Ivan\Proyectos\Portafolio\sii
-erp-ai-front\node_modules\next\dist\compiled
\neo-async\async.js:1:14824)
    at Hook.eval [as callAsync] (eval at 
create (D:\Ivan\Proyectos\Portafolio\sii-erp-
ai-front\node_modules\next\dist\compiled\webp
ack\bundle5.js:13:9218), <anonymous>:15:1)
    at Hook.CALL_ASYNC_DELEGATE [as 
_callAsync] (D:\Ivan\Proyectos\Portafolio\sii
-erp-ai-front\node_modules\next\dist\compiled
\webpack\bundle5.js:13:6372)
    at D:\Ivan\Proyectos\Portafolio\sii-erp-a
i-front\node_modules\next\dist\compiled\webpa
ck\bundle5.js:28:130584
    at symbolIterator (D:\Ivan\Proyectos\Port
afolio\sii-erp-ai-front\node_modules\next\dis
t\compiled\neo-async\async.js:1:14402)
-- inner error --
Error: It looks like you're trying to use 
`tailwindcss` directly as a PostCSS plugin. 
The PostCSS plugin has moved to a separate 
package, so to continue using Tailwind CSS 
with PostCSS you'll need to install 
`@tailwindcss/postcss` and update your 
PostCSS configuration.
    at at (D:\Ivan\Proyectos\Portafolio\sii-e
rp-ai-front\node_modules\tailwindcss\dist\lib
.js:38:1629)
    at LazyResult.runOnRoot (D:\Ivan\Proyecto
s\Portafolio\sii-erp-ai-front\node_modules\ne
xt\node_modules\postcss\lib\lazy-result.js:32
9:16)
    at LazyResult.runAsync (D:\Ivan\Proyectos
\Portafolio\sii-erp-ai-front\node_modules\nex
t\node_modules\postcss\lib\lazy-result.js:258
:26)
    at LazyResult.async (D:\Ivan\Proyectos\Po
rtafolio\sii-erp-ai-front\node_modules\next\n
ode_modules\postcss\lib\lazy-result.js:160:30
)
    at LazyResult.then (D:\Ivan\Proyectos\Por
tafolio\sii-erp-ai-front\node_modules\next\no
de_modules\postcss\lib\lazy-result.js:404:17)
    at Object.<anonymous> (D:\Ivan\Proyectos\
Portafolio\sii-erp-ai-front\node_modules\next
\dist\build\webpack\loaders\css-loader\src\in
dex.js??ruleSet[1].rules[13].oneOf[10].use[2]
!D:\Ivan\Proyectos\Portafolio\sii-erp-ai-fron
t\node_modules\next\dist\build\webpack\loader
s\postcss-loader\src\index.js??ruleSet[1].rul
es[13].oneOf[10].use[3]!D:\Ivan\Proyectos\Por
tafolio\sii-erp-ai-front\src\app\globals.css:
1:7)
    at D:\Ivan\Proyectos\Portafolio\sii-erp-a
i-front\node_modules\next\dist\compiled\webpa
ck\bundle5.js:28:955544
    at Hook.eval [as call] (eval at create (D
:\Ivan\Proyectos\Portafolio\sii-erp-ai-front\
node_modules\next\dist\compiled\webpack\bundl
e5.js:13:8996), <anonymous>:7:1)
    at Hook.CALL_DELEGATE [as _call] (D:\Ivan
\Proyectos\Portafolio\sii-erp-ai-front\node_m
odules\next\dist\compiled\webpack\bundle5.js:
13:6266)
    at D:\Ivan\Proyectos\Portafolio\sii-erp-a
i-front\node_modules\next\dist\compiled\webpa
ck\bundle5.js:28:131458
    at tryRunOrWebpackError (D:\Ivan\Proyecto
s\Portafolio\sii-erp-ai-front\node_modules\ne
xt\dist\compiled\webpack\bundle5.js:28:314905
)
    at __webpack_require_module__ (D:\Ivan\Pr
oyectos\Portafolio\sii-erp-ai-front\node_modu
les\next\dist\compiled\webpack\bundle5.js:28:
131425)
    at __nested_webpack_require_161179__ (D:\
Ivan\Proyectos\Portafolio\sii-erp-ai-front\no
de_modules\next\dist\compiled\webpack\bundle5
.js:28:130863)
    at D:\Ivan\Proyectos\Portafolio\sii-erp-a
i-front\node_modules\next\dist\compiled\webpa
ck\bundle5.js:28:131714
    at symbolIterator (D:\Ivan\Proyectos\Port
afolio\sii-erp-ai-front\node_modules\next\dis
t\compiled\neo-async\async.js:1:14444)

Generated code for D:\Ivan\Proyectos\Portafol
io\sii-erp-ai-front\node_modules\next\dist\bu
ild\webpack\loaders\css-loader\src\index.js??
ruleSet[1].rules[13].oneOf[10].use[2]!D:\Ivan
\Proyectos\Portafolio\sii-erp-ai-front\node_m
odules\next\dist\build\webpack\loaders\postcs
s-loader\src\index.js??ruleSet[1].rules[13].o
neOf[10].use[3]!D:\Ivan\Proyectos\Portafolio\
sii-erp-ai-front\src\app\globals.css

Import trace for requested module:
./src/app/globals.css


> Build failed because of webpack errors
