src/app/(dashboard)/invoices/[id]/page.tsx(91,49): error TS7006: Parameter 'line' implicitly has an 'any' type.
src/app/actions.tsx(37,9): error TS2741: Property 'defaultObjectGenerationMode' is missing in type 'LanguageModelV2' but required in type 'LanguageModelV1'.
src/app/smoke.test.tsx(3,27): error TS2307: Cannot find module './(dashboard)/page' or its corresponding type declarations.
src/components/ui/calendar.tsx(55,17): error TS2353: Object literal may only specify known properties, and 'IconLeft' does not exist in type 'Partial<CustomComponents>'.
src/features/ai-assistant/components/AiDrawer.tsx(41,34): error TS2322: Type 'Message[]' is not assignable to type 'ClientMessage[]'.
  Property 'display' is missing in type 'Message' but required in type 'ClientMessage'.
src/features/dashboard/components/RecentInvoices.tsx(26,105): error TS2322: Type '"PAID"' is not assignable to type '"DRAFT" | "SENT" | "SIGNED" | "ACCEPTED" | "REJECTED" | undefined'.
src/features/dashboard/components/RecentInvoices.tsx(26,121): error TS2322: Type 'number' is not assignable to type 'string'.
src/features/dashboard/components/RecentInvoices.tsx(27,103): error TS2322: Type '"PENDING"' is not assignable to type '"DRAFT" | "SENT" | "SIGNED" | "ACCEPTED" | "REJECTED" | undefined'.
src/features/dashboard/components/RecentInvoices.tsx(27,122): error TS2322: Type 'number' is not assignable to type 'string'.
src/features/dashboard/components/RecentInvoices.tsx(28,106): error TS2322: Type '"OVERDUE"' is not assignable to type '"DRAFT" | "SENT" | "SIGNED" | "ACCEPTED" | "REJECTED" | undefined'.
src/features/dashboard/components/RecentInvoices.tsx(28,125): error TS2322: Type 'number' is not assignable to type 'string'.
src/features/dashboard/components/RecentInvoices.tsx(29,107): error TS2322: Type '"PAID"' is not assignable to type '"DRAFT" | "SENT" | "SIGNED" | "ACCEPTED" | "REJECTED" | undefined'.
src/features/dashboard/components/RecentInvoices.tsx(29,123): error TS2322: Type 'number' is not assignable to type 'string'.
src/features/dashboard/components/RecentInvoices.tsx(30,105): error TS2322: Type '"PAID"' is not assignable to type '"DRAFT" | "SENT" | "SIGNED" | "ACCEPTED" | "REJECTED" | undefined'.
src/features/dashboard/components/RecentInvoices.tsx(30,121): error TS2322: Type 'number' is not assignable to type 'string'.
src/features/invoicing/hooks/useInvoices.ts(9,39): error TS2339: Property 'getInvoices' does not exist on type '{ getAll: (params?: { page?: number | undefined; pageSize?: number | undefined; } | undefined) => Promise<Invoice[]>; importInvoices: ({ file, companyId, bookType }: ImportInvoiceParams) => Promise<...>; sendInvoice: (id: string) => Promise<...>; }'.
src/features/invoicing/hooks/useInvoices.ts(16,39): error TS2339: Property 'getInvoiceById' does not exist on type '{ getAll: (params?: { page?: number | undefined; pageSize?: number | undefined; } | undefined) => Promise<Invoice[]>; importInvoices: ({ file, companyId, bookType }: ImportInvoiceParams) => Promise<...>; sendInvoice: (id: string) => Promise<...>; }'.
src/features/invoicing/hooks/useInvoices.ts(25,68): error TS2339: Property 'createInvoice' does not exist on type '{ getAll: (params?: { page?: number | undefined; pageSize?: number | undefined; } | undefined) => Promise<Invoice[]>; importInvoices: ({ file, companyId, bookType }: ImportInvoiceParams) => Promise<...>; sendInvoice: (id: string) => Promise<...>; }'.
src/features/settings/components/CompanyProfile.tsx(33,10): error TS2304: Cannot find name 'Card'.
src/features/settings/components/CompanyProfile.tsx(34,14): error TS2304: Cannot find name 'CardHeader'.
src/features/settings/components/CompanyProfile.tsx(35,18): error TS2304: Cannot find name 'CardTitle'.
src/features/settings/components/CompanyProfile.tsx(38,19): error TS2304: Cannot find name 'CardTitle'.
src/features/settings/components/CompanyProfile.tsx(39,18): error TS2304: Cannot find name 'CardDescription'.
src/features/settings/components/CompanyProfile.tsx(41,19): error TS2304: Cannot find name 'CardDescription'.
src/features/settings/components/CompanyProfile.tsx(42,15): error TS2304: Cannot find name 'CardHeader'.
src/features/settings/components/CompanyProfile.tsx(43,14): error TS2304: Cannot find name 'CardContent'.
src/features/settings/components/CompanyProfile.tsx(47,30): error TS2304: Cannot find name 'Label'.
src/features/settings/components/CompanyProfile.tsx(47,65): error TS2304: Cannot find name 'Label'.
src/features/settings/components/CompanyProfile.tsx(48,30): error TS2304: Cannot find name 'Input'.
src/features/settings/components/CompanyProfile.tsx(51,30): error TS2304: Cannot find name 'Label'.
src/features/settings/components/CompanyProfile.tsx(51,55): error TS2304: Cannot find name 'Label'.
src/features/settings/components/CompanyProfile.tsx(52,30): error TS2304: Cannot find name 'Input'.
src/features/settings/components/CompanyProfile.tsx(55,30): error TS2304: Cannot find name 'Label'.
src/features/settings/components/CompanyProfile.tsx(55,75): error TS2304: Cannot find name 'Label'.
src/features/settings/components/CompanyProfile.tsx(56,30): error TS2304: Cannot find name 'Input'.
src/features/settings/components/CompanyProfile.tsx(59,30): error TS2304: Cannot find name 'Label'.
src/features/settings/components/CompanyProfile.tsx(59,65): error TS2304: Cannot find name 'Label'.
src/features/settings/components/CompanyProfile.tsx(60,30): error TS2304: Cannot find name 'Input'.
src/features/settings/components/CompanyProfile.tsx(63,30): error TS2304: Cannot find name 'Label'.
src/features/settings/components/CompanyProfile.tsx(63,68): error TS2304: Cannot find name 'Label'.
src/features/settings/components/CompanyProfile.tsx(64,30): error TS2304: Cannot find name 'Input'.
src/features/settings/components/CompanyProfile.tsx(67,30): error TS2304: Cannot find name 'Label'.
src/features/settings/components/CompanyProfile.tsx(67,62): error TS2304: Cannot find name 'Label'.
src/features/settings/components/CompanyProfile.tsx(68,30): error TS2304: Cannot find name 'Input'.
src/features/settings/components/CompanyProfile.tsx(72,26): error TS2304: Cannot find name 'Button'.
src/features/settings/components/CompanyProfile.tsx(75,27): error TS2304: Cannot find name 'Button'.
src/features/settings/components/CompanyProfile.tsx(78,15): error TS2304: Cannot find name 'CardContent'.
src/features/settings/components/CompanyProfile.tsx(79,11): error TS2304: Cannot find name 'Card'.
src/features/settings/components/UserManagement.tsx(25,48): error TS2339: Property 'getUsers' does not exist on type '{ login: (credentials: LoginCredentials) => Promise<AuthResponse>; register: (registerData: RegisterData) => Promise<AuthResponse>; ... 4 more ...; updateUserRole: (id: string, role: string) => Promise<...>; }'.
src/hooks/useCompanyContext.ts(4,35): error TS2339: Property 'switchCompany' does not exist on type 'AuthState'.
